[monster]
orb_fountain=171
Goo=38
Dirt_Eater=24
Zombie=3
Lost_Soul=45
Armored_Rahzar=3
Bebop=35
BluePoring=46
Rocksteady=29
Poring=20
Armored_Orb_Fountain=8
SuperElite_River_Crab=2
SuperElite_Nightmare_Hornet=1
Armored_Rocksteady=5
SuperElite_Dirt_Eater=3
COw=1
AnniDwarf=1
AnniGnome=1
Wild_Rabbit=32
Armored_AnniDwarf=4
Armored_Poring=5
SuperElite_AnniDwarf=2
Armored_Lost_Soul=9
SuperElite_Bee=2
TheWorld=5
Armored_Goo=7
FootSoldier=27
Bee=41
SuperElite_Lost_Soul=10
Tokka=39
SuperElite_Orb_Fountain=38
Armored_Wild_Rabbit=10
SuperElite_Bark_Spider=1
Armored_Dirt_Eater=8
SuperElite_Poring=6
Armored_Bee=7
Armored_TheWorld=3
Armored_BluePoring=8
SuperElite_Goo=7
SuperElite_TheWorld=7
River_Crab=6
Armored_Tokka=4
SuperElite_BluePoring=29
Ding_Bats=8
Armored_Orcish_Impaler=1
SuperElite_Cow=1
Armored_Cow=1
SuperElite_FootSoldier=16
Armored_Ding_Bats=4
Armored_Bebop=4
Rahzar=43
SuperElite_Wild_Rabbit=5
Bark_Spider=27
SuperElite_Rahzar=27
SuperElite_Tokka=4
Naugthy_Leprechaun=22
Bandit_Leprechaun=9
SuperElite_Rocksteady=4
Sup_Arachnide=10
BatOnStrings=4
SpoopyGhost=1
GoofyMonster=1
RubberZombie=2
Armored_Ghost_Turkey=1
Orcish_Impaler=5
RedSlime=1
SuperElite_Sludge=1
SuperElite_Ding_Bats=9
SuperElite_Stone_Eater=4
Coiled_Snake=1
Rock_Lizard=7
Armored_Minotaur=3
SuperElite_Ghost_Turkey=3
Ghost_Turkey=1
SuperElite_Bebop=1
Minotaur=2
SuperElite_Dark_Knight=2
Armored_Creeper=1
Goblin_Smithy=3
Armored_BeeBear=1
Armored_Dark_Knight=1
Armored_ArchDemon_Samurai=1
Armored_Orcish_Wyrmbrander=1
Armored_Acrobat=2
SuperElite_Combat=2
SuperElite_Stygian=1
Armored_Bark_Spider=1
Bulbasaur=22
SuperElite_Yagudo_Zealot=3
Armored_Flame_Skull=3
SuperElite_Orcish_Impaler=5
SuperElite_Pokey=5
Armored_Pokey=5
Dark_Knight=2
Yagudo_Zealot=2
Armored_Rock_Lizard=2
Armored_Recluse_Spider=1
Armored_Deepcroft_Bat=2
Armored_RahZar2=13
SuperElite_Goblin_Smithy=2
Armored_Bone_Soldier=1
Armored_Gremlin=3
SuperElite_Zombie=1
Armored_Demonic_Spider=1
Moblin=1
Armored_ArchDemon_Knight=1
Nightmare_Vanguard=1
Armored_Fire_Archer=1
SuperElite_Ironshell=3
Armored_FootballZombie=1
Armored_Demon_Knight=1
Armored_Alpha_Werewolf=3
DrakLoak=1
Crookhallow_Bandit=1
Ivysaur=3
Venusaur=1
Armored_Brook_Sahagin=2
Armored_Balrog=1
Armored_Sludge=1
Gray_Werewolf=2
SuperElite_Starman_Junior=1
Yagudo_Scribe=1
Heraldic_Imp=1
Armored_Baby_Hydra=2
Armored_Dingalong=1
Scarab_Beetle=1
Armored_Adamantoise=1
Armored_Chimera=1
SuperElite_Air_Elemental=1
Armored_Cyberman=3
Pokey=1
Stone_Eater=3
PoisonSlime=1
Armored_Chaos_Idol=1
SuperElite_RedSlime=1
Armored_Crookhallow_Buckaroo=1
Armored_Ancient_Mummy=1
Armored_Crookhallow_Rifleman=1
Armored_Ore_Eater=2
Armored_Air_Elemental=1
Armored_Cave_Tiger=1
Armored_Drachenlizard=1
Combat=1
Armored_BloodGoyle=1
SuperElite_Rock_Lizard=1
Armored_Demon_Warrior=1
Armored_Yagudo_Zealot=2
GammaLeftArm=1
Armored_BlueSlime=1
Armored_Zombie=1
Volcano_Wasp=1
Armored_Nightmare_Vanguard=1
SuperElite_Gold_Golem=1
Cyclops_Warrior=1
Armored_InfernalBovine=1
Armored_Cursed_Mummy=1
Armored_Cyclops_Guard=1

[boss]
Stinging_Sophie=6
GiantDemonPumpkin=1
Tiamat=5
Brauner=1
Ashmaker_Gotblut=4
Cell=2
Cerberus=2
Jester=1
JumboCactuar=1
LeChuck=1
CyberLord=3
KingSlime=1
Krang=4
Flowey=1
SaferSephiroth=1
MadDawg=1
Bigmouth_Billy=2
TheShredder=1
